../Core/Src/main.c:125:5:main	8	static
../Core/Src/main.c:221:6:SystemClock_Config	96	static
../Core/Src/main.c:266:13:MX_ADC1_Init	48	static
../Core/Src/main.c:351:13:MX_SPI2_Init	8	static
../Core/Src/main.c:390:13:MX_TIM1_Init	112	static
../Core/Src/main.c:482:13:MX_TIM3_Init	64	static
../Core/Src/main.c:545:13:MX_UART4_Init	8	static
../Core/Src/main.c:578:13:MX_DMA_Init	16	static
../Core/Src/main.c:596:13:MX_GPIO_Init	40	static
../Core/Src/main.c:637:6:HAL_UART_RxCpltCallback	16	static
../Core/Src/main.c:673:6:Start_PWM	16	static
../Core/Src/main.c:679:6:Set_Magnetorquer_PWM	32	static
../Core/Src/main.c:684:6:Magnetorquer_Command	104	static
../Core/Src/main.c:723:6:XYZ_Command	24	static
../Core/Src/main.c:741:6:testCoil	16	static
../Core/Src/main.c:758:6:runTestRoutine	8	static
../Core/Src/main.c:766:6:MMC5983_Init	16	static
../Core/Src/main.c:779:6:Update_Current_Data	32	static
../Core/Src/main.c:788:6:Send_Current_Data	32	static
../Core/Src/main.c:801:6:Send_Magnetometer_Data	32	static
../Core/Src/main.c:823:6:Error_Handler	4	static,ignoring_inline_asm
