../Core/Src/main.c:112:5:main	8	static
../Core/Src/main.c:219:6:SystemClock_Config	96	static
../Core/Src/main.c:264:13:MX_ADC1_Init	48	static
../Core/Src/main.c:349:13:MX_SPI2_Init	8	static
../Core/Src/main.c:388:13:MX_TIM1_Init	112	static
../Core/Src/main.c:480:13:MX_TIM3_Init	64	static
../Core/Src/main.c:543:13:MX_UART4_Init	8	static
../Core/Src/main.c:576:13:MX_DMA_Init	16	static
../Core/Src/main.c:594:13:MX_GPIO_Init	40	static
../Core/Src/main.c:634:6:Start_PWM	16	static
../Core/Src/main.c:640:6:Set_Magnetorquer_PWM	32	static
../Core/Src/main.c:645:6:Magnetorquer_Command	104	static
../Core/Src/main.c:684:6:MMC5983_Init	16	static
../Core/Src/main.c:697:6:Update_Current_Data	32	static
../Core/Src/main.c:706:6:Send_Current_Data	32	static
../Core/Src/main.c:719:6:Send_Magnetometer_Data	32	static
../Core/Src/main.c:741:6:Error_Handler	4	static,ignoring_inline_asm
