../Core/Src/main.c:128:5:main	10
../Core/Src/main.c:231:6:SystemClock_Config	4
../Core/Src/main.c:276:13:MX_ADC1_Init	6
../Core/Src/main.c:361:13:MX_SPI2_Init	2
../Core/Src/main.c:400:13:MX_TIM1_Init	10
../Core/Src/main.c:492:13:MX_TIM3_Init	7
../Core/Src/main.c:555:13:MX_UART4_Init	2
../Core/Src/main.c:590:13:MX_USART1_UART_Init	2
../Core/Src/main.c:623:13:MX_DMA_Init	1
../Core/Src/main.c:641:13:MX_GPIO_Init	1
../Core/Src/main.c:682:6:HAL_UART_RxCpltCallback	7
../Core/Src/main.c:723:6:Start_PWM	2
../Core/Src/main.c:729:6:Set_Magnetorquer_PWM	6
../Core/Src/main.c:734:6:Magnetorquer_Command	6
../Core/Src/main.c:773:6:XYZ_Command	1
../Core/Src/main.c:791:6:testCoil	1
../Core/Src/main.c:799:6:runPowerProfile	1
../Core/Src/main.c:819:6:runFunctionalTest	4
../Core/Src/main.c:851:6:MMC5983_Init	2
../Core/Src/main.c:864:6:Update_Current_Data	2
../Core/Src/main.c:873:6:Send_Current_Data	2
../Core/Src/main.c:886:6:Send_Magnetometer_Data	1
../Core/Src/main.c:908:6:Error_Handler	1
