../Core/Src/main.c:125:5:main	9
../Core/Src/main.c:221:6:SystemClock_Config	4
../Core/Src/main.c:266:13:MX_ADC1_Init	6
../Core/Src/main.c:351:13:MX_SPI2_Init	2
../Core/Src/main.c:390:13:MX_TIM1_Init	10
../Core/Src/main.c:482:13:MX_TIM3_Init	7
../Core/Src/main.c:545:13:MX_UART4_Init	2
../Core/Src/main.c:578:13:MX_DMA_Init	1
../Core/Src/main.c:596:13:MX_GPIO_Init	1
../Core/Src/main.c:637:6:HAL_UART_RxCpltCallback	6
../Core/Src/main.c:673:6:Start_PWM	2
../Core/Src/main.c:679:6:Set_Magnetorquer_PWM	6
../Core/Src/main.c:684:6:Magnetorquer_Command	6
../Core/Src/main.c:723:6:XYZ_Command	1
../Core/Src/main.c:741:6:testCoil	1
../Core/Src/main.c:758:6:runTestRoutine	1
../Core/Src/main.c:766:6:MMC5983_Init	2
../Core/Src/main.c:779:6:Update_Current_Data	2
../Core/Src/main.c:788:6:Send_Current_Data	2
../Core/Src/main.c:801:6:Send_Magnetometer_Data	1
../Core/Src/main.c:823:6:Error_Handler	1
