../Core/Src/main.c:128:5:main	8	static
../Core/Src/main.c:231:6:SystemClock_Config	96	static
../Core/Src/main.c:276:13:MX_ADC1_Init	48	static
../Core/Src/main.c:361:13:MX_SPI2_Init	8	static
../Core/Src/main.c:400:13:MX_TIM1_Init	112	static
../Core/Src/main.c:492:13:MX_TIM3_Init	64	static
../Core/Src/main.c:555:13:MX_UART4_Init	8	static
../Core/Src/main.c:590:13:MX_USART1_UART_Init	8	static
../Core/Src/main.c:623:13:MX_DMA_Init	16	static
../Core/Src/main.c:641:13:MX_GPIO_Init	40	static
../Core/Src/main.c:682:6:HAL_UART_RxCpltCallback	16	static
../Core/Src/main.c:723:6:Start_PWM	16	static
../Core/Src/main.c:729:6:Set_Magnetorquer_PWM	32	static
../Core/Src/main.c:734:6:Magnetorquer_Command	104	static
../Core/Src/main.c:773:6:XYZ_Command	24	static
../Core/Src/main.c:791:6:testCoil	16	static
../Core/Src/main.c:799:6:runPowerProfile	8	static
../Core/Src/main.c:819:6:runFunctionalTest	24	static
../Core/Src/main.c:851:6:MMC5983_Init	16	static
../Core/Src/main.c:864:6:Update_Current_Data	32	static
../Core/Src/main.c:873:6:Send_Current_Data	32	static
../Core/Src/main.c:886:6:Send_Magnetometer_Data	32	static
../Core/Src/main.c:908:6:Error_Handler	4	static,ignoring_inline_asm
